// Jest Snapshot v1, https://goo.gl/fbAQLP

exports[`AuthComponent should render my component 1`] = `
Array [
  <form
    onSubmit={[Function]}
  >
    <div
      className="grid-container padding"
    >
      <label
        className="grid-item"
      >
        Username:
      </label>
      <input
        className="grid-item"
        name="username"
        onChange={[Function]}
        type="text"
        value=""
      />
      <label
        className="grid-item"
      >
        Password:
      </label>
      <input
        className="grid-item"
        name="password"
        onChange={[Function]}
        type="password"
        value=""
      />
      <label
        className="grid-item"
      >
        Environment URL:
      </label>
      <input
        className="grid-item"
        name="envUrl"
        onChange={[Function]}
        type="text"
        value=""
      />
      <label
        className="grid-item"
      >
        Auth Mode:
      </label>
      <input
        className="grid-item"
        name="envUrl"
        onChange={[Function]}
        type="number"
        value=""
      />
      <input
        className="grid-item-2 button-submit"
        type="submit"
        value="Submit"
      />
    </div>
  </form>,
]
`;
