// Jest Snapshot v1, https://goo.gl/fbAQLP

exports[`AuthComponent should render my component 1`] = `
Array [
  <div>
    <header>
      <h1
        id="authenticate-message"
      >
        Connect to MicroStrategy Environment
      </h1>
    </header>
    <form
      onSubmit={[Function]}
    >
      <div
        className="grid-container padding"
      >
        <label
          className="grid-item grid-item-label"
        >
          Username
        </label>
        <input
          className="grid-item grid-item-input"
          name="username"
          onChange={[Function]}
          type="text"
          value=""
        />
        <label
          className="grid-item grid-item-label"
        >
          Password
        </label>
        <input
          className="grid-item grid-item-input"
          name="password"
          onChange={[Function]}
          type="password"
          value=""
        />
        <label
          className="grid-item grid-item-label"
        >
          Environment URL
        </label>
        <input
          className="grid-item grid-item-input"
          name="envUrl"
          onChange={[Function]}
          type="text"
          value=""
        />
        <input
          className="grid-item-2 button-submit"
          type="submit"
          value="Submit"
        />
      </div>
    </form>
  </div>,
]
`;
